Erreur MongoDB: MongooseServerSelectionError: Could not connect to any servers in your MongoDB Atlas cluster. One common reason is that you're trying to access the database from an IP that isn't whitelisted. Make sure your current IP address is on your Atlas cluster's IP whitelist: https://www.mongodb.com/docs/atlas/security-whitelist/
    at _handleConnectionErrors (C:\Users\ziedb\WebstormProjects\Endorphinev1\node_modules\mongoose\lib\connection.js:1180:11)
    at NativeConnection.openUri (C:\Users\ziedb\WebstormProjects\Endorphinev1\node_modules\mongoose\lib\connection.js:1111:11) {
  errorLabelSet: Set(0) {},
  reason: TopologyDescription {
    type: 'ReplicaSetNoPrimary',
    servers: Map(3) {
      'ac-1kjmjcj-shard-00-00.wphy7hy.mongodb.net:27017' => [ServerDescription],
      'ac-1kjmjcj-shard-00-01.wphy7hy.mongodb.net:27017' => [ServerDescription],
      'ac-1kjmjcj-shard-00-02.wphy7hy.mongodb.net:27017' => [ServerDescription]
    },
    stale: false,
    compatible: true,
    heartbeatFrequencyMS: 10000,
    localThresholdMS: 15,
    setName: 'atlas-1s3p3q-shard-0',
    maxElectionId: null,
    maxSetVersion: null,
    commonWireVersion: 0,
    logicalSessionTimeoutMinutes: null
  },
  code: undefined,
  cause: TopologyDescription {
    type: 'ReplicaSetNoPrimary',
    servers: Map(3) {
      'ac-1kjmjcj-shard-00-00.wphy7hy.mongodb.net:27017' => [ServerDescription],
      'ac-1kjmjcj-shard-00-01.wphy7hy.mongodb.net:27017' => [ServerDescription],
      'ac-1kjmjcj-shard-00-02.wphy7hy.mongodb.net:27017' => [ServerDescription]
    },
    stale: false,
    compatible: true,
    heartbeatFrequencyMS: 10000,
    localThresholdMS: 15,
    setName: 'atlas-1s3p3q-shard-0',
    maxElectionId: null,
    maxSetVersion: null,
    commonWireVersion: 0,
    logicalSessionTimeoutMinutes: null
  }
}
Nouvelle tentative MongoDB echouee: Could not connect to any servers in your MongoDB Atlas cluster. One common reason is that you're trying to access the database from an IP that isn't whitelisted. Make sure your current IP address is on your Atlas cluster's IP whitelist: https://www.mongodb.com/docs/atlas/security-whitelist/
Nouvelle tentative MongoDB echouee: Could not connect to any servers in your MongoDB Atlas cluster. One common reason is that you're trying to access the database from an IP that isn't whitelisted. Make sure your current IP address is on your Atlas cluster's IP whitelist: https://www.mongodb.com/docs/atlas/security-whitelist/
